// Jest Snapshot v1, https://goo.gl/fbAQLP

exports[`Expect to render ErrorBoundry component 1`] = `ShallowWrapper {}`;
