// Jest Snapshot v1, https://goo.gl/fbAQLP

exports[`Expect to render Scroll component 1`] = `ShallowWrapper {}`;
